// Vitest Snapshot v1, https://vitest.dev/guide/snapshot.html

exports[`Number > should render successfully for different values and locales 1`] = `
<div>
  <span
    class="lui-number"
  >
    0.01
  </span>
  <span
    class="lui-number"
  >
    0,01
  </span>
  <span
    class="lui-number"
  >
    0,01
  </span>
  <span
    class="lui-number"
  >
    0.01
  </span>
  <span
    class="lui-number"
  >
    0.01
  </span>
  <span
    class="lui-number"
  >
    0.01
  </span>
  <span
    class="lui-number"
  >
    0.01
  </span>
  <span
    class="lui-number"
  >
    0.1
  </span>
  <span
    class="lui-number"
  >
    0,1
  </span>
  <span
    class="lui-number"
  >
    0,1
  </span>
  <span
    class="lui-number"
  >
    0.1
  </span>
  <span
    class="lui-number"
  >
    0.1
  </span>
  <span
    class="lui-number"
  >
    0.1
  </span>
  <span
    class="lui-number"
  >
    0.1
  </span>
  <span
    class="lui-number"
  >
    1
  </span>
  <span
    class="lui-number"
  >
    1
  </span>
  <span
    class="lui-number"
  >
    1
  </span>
  <span
    class="lui-number"
  >
    1
  </span>
  <span
    class="lui-number"
  >
    1
  </span>
  <span
    class="lui-number"
  >
    1
  </span>
  <span
    class="lui-number"
  >
    1
  </span>
  <span
    class="lui-number"
  >
    10
  </span>
  <span
    class="lui-number"
  >
    10
  </span>
  <span
    class="lui-number"
  >
    10
  </span>
  <span
    class="lui-number"
  >
    10
  </span>
  <span
    class="lui-number"
  >
    10
  </span>
  <span
    class="lui-number"
  >
    10
  </span>
  <span
    class="lui-number"
  >
    10
  </span>
  <span
    class="lui-number"
  >
    100
  </span>
  <span
    class="lui-number"
  >
    100
  </span>
  <span
    class="lui-number"
  >
    100
  </span>
  <span
    class="lui-number"
  >
    100
  </span>
  <span
    class="lui-number"
  >
    100
  </span>
  <span
    class="lui-number"
  >
    100
  </span>
  <span
    class="lui-number"
  >
    100
  </span>
  <span
    class="lui-number"
  >
    1,000
  </span>
  <span
    class="lui-number"
  >
    1.000
  </span>
  <span
    class="lui-number"
  >
    1 000
  </span>
  <span
    class="lui-number"
  >
    1,000
  </span>
  <span
    class="lui-number"
  >
    1,000
  </span>
  <span
    class="lui-number"
  >
    1,000
  </span>
  <span
    class="lui-number"
  >
    1,000
  </span>
  <span
    class="lui-number"
  >
    10,000
  </span>
  <span
    class="lui-number"
  >
    10.000
  </span>
  <span
    class="lui-number"
  >
    10 000
  </span>
  <span
    class="lui-number"
  >
    10,000
  </span>
  <span
    class="lui-number"
  >
    10,000
  </span>
  <span
    class="lui-number"
  >
    10,000
  </span>
  <span
    class="lui-number"
  >
    10,000
  </span>
  <span
    class="lui-number"
  >
    100,000
  </span>
  <span
    class="lui-number"
  >
    100.000
  </span>
  <span
    class="lui-number"
  >
    100 000
  </span>
  <span
    class="lui-number"
  >
    100,000
  </span>
  <span
    class="lui-number"
  >
    1,00,000
  </span>
  <span
    class="lui-number"
  >
    100,000
  </span>
  <span
    class="lui-number"
  >
    100,000
  </span>
  <span
    class="lui-number"
  >
    1,000,000
  </span>
  <span
    class="lui-number"
  >
    1.000.000
  </span>
  <span
    class="lui-number"
  >
    1 000 000
  </span>
  <span
    class="lui-number"
  >
    1,000,000
  </span>
  <span
    class="lui-number"
  >
    10,00,000
  </span>
  <span
    class="lui-number"
  >
    1,000,000
  </span>
  <span
    class="lui-number"
  >
    1,000,000
  </span>
</div>
`;
